src/app/api/payment/initialize/route.ts(18,33): error TS18047: 'response.data' is possibly 'null'.
src/app/api/payment/initialize/route.ts(19,25): error TS18047: 'response.data' is possibly 'null'.
